[INFO] Scanning for projects...
[INFO] ------------------------------------------------------------------------
[INFO] Reactor Build Order:
[INFO] 
[INFO] nexusspace-parent                                                  [pom]
[INFO] api-gateway                                                        [jar]
[INFO] booking-service                                                    [jar]
[INFO] billing-service                                                    [jar]
[INFO] ai-concierge                                                       [jar]
[INFO] auth-service                                                       [jar]
[INFO] 
[INFO] -------------------< com.nexusops:nexusspace-parent >-------------------
[INFO] Building nexusspace-parent 1.0.0-SNAPSHOT                          [1/6]
[INFO]   from pom.xml
[INFO] --------------------------------[ pom ]---------------------------------
[INFO] 
[INFO] --- clean:3.3.2:clean (default-clean) @ nexusspace-parent ---
[INFO] 
[INFO] --- spring-boot:3.2.4:repackage (repackage) @ nexusspace-parent ---
[INFO] 
[INFO] ----------------------< com.nexusops:api-gateway >----------------------
[INFO] Building api-gateway 1.0.0-SNAPSHOT                                [2/6]
[INFO]   from api-gateway\pom.xml
[INFO] --------------------------------[ jar ]---------------------------------
[INFO] 
[INFO] --- clean:3.3.2:clean (default-clean) @ api-gateway ---
[INFO] Deleting C:\Pro\api-gateway\target
[INFO] 
[INFO] --- resources:3.3.1:resources (default-resources) @ api-gateway ---
[INFO] Copying 1 resource from src\main\resources to target\classes
[INFO] Copying 0 resource from src\main\resources to target\classes
[INFO] 
[INFO] --- compiler:3.11.0:compile (default-compile) @ api-gateway ---
[INFO] Changes detected - recompiling the module! :source
[INFO] Compiling 2 source files with javac [debug release 17] to target\classes
[INFO] 
[INFO] --- resources:3.3.1:testResources (default-testResources) @ api-gateway ---
[INFO] skip non existing resourceDirectory C:\Pro\api-gateway\src\test\resources
[INFO] 
[INFO] --- compiler:3.11.0:testCompile (default-testCompile) @ api-gateway ---
[INFO] No sources to compile
[INFO] 
[INFO] --- surefire:3.1.2:test (default-test) @ api-gateway ---
[INFO] Tests are skipped.
[INFO] 
[INFO] --- jar:3.3.0:jar (default-jar) @ api-gateway ---
[INFO] Building jar: C:\Pro\api-gateway\target\api-gateway-1.0.0-SNAPSHOT.jar
[INFO] 
[INFO] --- spring-boot:3.2.4:repackage (repackage) @ api-gateway ---
[INFO] Replacing main artifact C:\Pro\api-gateway\target\api-gateway-1.0.0-SNAPSHOT.jar with repackaged archive, adding nested dependencies in BOOT-INF/.
[INFO] The original artifact has been renamed to C:\Pro\api-gateway\target\api-gateway-1.0.0-SNAPSHOT.jar.original
[INFO] 
[INFO] --------------------< com.nexusops:booking-service >--------------------
[INFO] Building booking-service 1.0.0-SNAPSHOT                            [3/6]
[INFO]   from booking-service\pom.xml
[INFO] --------------------------------[ jar ]---------------------------------
[INFO] 
[INFO] --- clean:3.3.2:clean (default-clean) @ booking-service ---
[INFO] Deleting C:\Pro\booking-service\target
[INFO] 
[INFO] --- resources:3.3.1:resources (default-resources) @ booking-service ---
[INFO] Copying 1 resource from src\main\resources to target\classes
[INFO] Copying 0 resource from src\main\resources to target\classes
[INFO] 
[INFO] --- compiler:3.11.0:compile (default-compile) @ booking-service ---
[INFO] Changes detected - recompiling the module! :source
[INFO] Compiling 13 source files with javac [debug release 17] to target\classes
[INFO] 
[INFO] --- resources:3.3.1:testResources (default-testResources) @ booking-service ---
[INFO] skip non existing resourceDirectory C:\Pro\booking-service\src\test\resources
[INFO] 
[INFO] --- compiler:3.11.0:testCompile (default-testCompile) @ booking-service ---
[INFO] No sources to compile
[INFO] 
[INFO] --- surefire:3.1.2:test (default-test) @ booking-service ---
[INFO] Tests are skipped.
[INFO] 
[INFO] --- jar:3.3.0:jar (default-jar) @ booking-service ---
[INFO] Building jar: C:\Pro\booking-service\target\booking-service-1.0.0-SNAPSHOT.jar
[INFO] 
[INFO] --- spring-boot:3.2.4:repackage (repackage) @ booking-service ---
[INFO] Replacing main artifact C:\Pro\booking-service\target\booking-service-1.0.0-SNAPSHOT.jar with repackaged archive, adding nested dependencies in BOOT-INF/.
[INFO] The original artifact has been renamed to C:\Pro\booking-service\target\booking-service-1.0.0-SNAPSHOT.jar.original
[INFO] 
[INFO] --------------------< com.nexusops:billing-service >--------------------
[INFO] Building billing-service 1.0.0-SNAPSHOT                            [4/6]
[INFO]   from billing-service\pom.xml
[INFO] --------------------------------[ jar ]---------------------------------
[INFO] 
[INFO] --- clean:3.3.2:clean (default-clean) @ billing-service ---
[INFO] Deleting C:\Pro\billing-service\target
[INFO] 
[INFO] --- resources:3.3.1:resources (default-resources) @ billing-service ---
[INFO] Copying 1 resource from src\main\resources to target\classes
[INFO] Copying 0 resource from src\main\resources to target\classes
[INFO] 
[INFO] --- compiler:3.11.0:compile (default-compile) @ billing-service ---
[INFO] Changes detected - recompiling the module! :source
[INFO] Compiling 2 source files with javac [debug release 17] to target\classes
[INFO] 
[INFO] --- resources:3.3.1:testResources (default-testResources) @ billing-service ---
[INFO] skip non existing resourceDirectory C:\Pro\billing-service\src\test\resources
[INFO] 
[INFO] --- compiler:3.11.0:testCompile (default-testCompile) @ billing-service ---
[INFO] No sources to compile
[INFO] 
[INFO] --- surefire:3.1.2:test (default-test) @ billing-service ---
[INFO] Tests are skipped.
[INFO] 
[INFO] --- jar:3.3.0:jar (default-jar) @ billing-service ---
[INFO] Building jar: C:\Pro\billing-service\target\billing-service-1.0.0-SNAPSHOT.jar
[INFO] 
[INFO] --- spring-boot:3.2.4:repackage (repackage) @ billing-service ---
[INFO] Replacing main artifact C:\Pro\billing-service\target\billing-service-1.0.0-SNAPSHOT.jar with repackaged archive, adding nested dependencies in BOOT-INF/.
[INFO] The original artifact has been renamed to C:\Pro\billing-service\target\billing-service-1.0.0-SNAPSHOT.jar.original
[INFO] 
[INFO] ---------------------< com.nexusops:ai-concierge >----------------------
[INFO] Building ai-concierge 1.0.0-SNAPSHOT                               [5/6]
[INFO]   from ai-concierge\pom.xml
[INFO] --------------------------------[ jar ]---------------------------------
[INFO] 
[INFO] --- clean:3.3.2:clean (default-clean) @ ai-concierge ---
[INFO] Deleting C:\Pro\ai-concierge\target
[INFO] 
[INFO] --- resources:3.3.1:resources (default-resources) @ ai-concierge ---
[INFO] Copying 1 resource from src\main\resources to target\classes
[INFO] Copying 0 resource from src\main\resources to target\classes
[INFO] 
[INFO] --- compiler:3.11.0:compile (default-compile) @ ai-concierge ---
[INFO] Changes detected - recompiling the module! :source
[INFO] Compiling 3 source files with javac [debug release 17] to target\classes
[INFO] -------------------------------------------------------------
[ERROR] COMPILATION ERROR : 
[INFO] -------------------------------------------------------------
[ERROR] /C:/Pro/ai-concierge/src/main/java/com/nexusops/aiconcierge/controller/ChatController.java:[3,42] package org.springframework.ai.chat.client does not exist
[ERROR] /C:/Pro/ai-concierge/src/main/java/com/nexusops/aiconcierge/controller/ChatController.java:[10,19] cannot find symbol
  symbol:   class ChatClient
  location: class com.nexusops.aiconcierge.controller.ChatController
[ERROR] /C:/Pro/ai-concierge/src/main/java/com/nexusops/aiconcierge/controller/ChatController.java:[12,37] package ChatClient does not exist
[INFO] 3 errors 
[INFO] -------------------------------------------------------------
[INFO] ------------------------------------------------------------------------
[INFO] Reactor Summary for nexusspace-parent 1.0.0-SNAPSHOT:
[INFO] 
[INFO] nexusspace-parent .................................. SUCCESS [  1.565 s]
[INFO] api-gateway ........................................ SUCCESS [  7.525 s]
[INFO] booking-service .................................... SUCCESS [  4.620 s]
[INFO] billing-service .................................... SUCCESS [  1.656 s]
[INFO] ai-concierge ....................................... FAILURE [  1.731 s]
[INFO] auth-service ....................................... SKIPPED
[INFO] ------------------------------------------------------------------------
[INFO] BUILD FAILURE
[INFO] ------------------------------------------------------------------------
[INFO] Total time:  18.345 s
[INFO] Finished at: 2026-04-08T09:27:08+05:30
[INFO] ------------------------------------------------------------------------
[ERROR] Failed to execute goal org.apache.maven.plugins:maven-compiler-plugin:3.11.0:compile (default-compile) on project ai-concierge: Compilation failure: Compilation failure: 
[ERROR] /C:/Pro/ai-concierge/src/main/java/com/nexusops/aiconcierge/controller/ChatController.java:[3,42] package org.springframework.ai.chat.client does not exist
[ERROR] /C:/Pro/ai-concierge/src/main/java/com/nexusops/aiconcierge/controller/ChatController.java:[10,19] cannot find symbol
[ERROR]   symbol:   class ChatClient
[ERROR]   location: class com.nexusops.aiconcierge.controller.ChatController
[ERROR] /C:/Pro/ai-concierge/src/main/java/com/nexusops/aiconcierge/controller/ChatController.java:[12,37] package ChatClient does not exist
[ERROR] -> [Help 1]
[ERROR] 
[ERROR] To see the full stack trace of the errors, re-run Maven with the -e switch.
[ERROR] Re-run Maven using the -X switch to enable full debug logging.
[ERROR] 
[ERROR] For more information about the errors and possible solutions, please read the following articles:
[ERROR] [Help 1] http://cwiki.apache.org/confluence/display/MAVEN/MojoFailureException
[ERROR] 
[ERROR] After correcting the problems, you can resume the build with the command
[ERROR]   mvn <args> -rf :ai-concierge
